
> spacelab@0.0.0 prebuild
> node scripts/build-content.mjs

✅ content.generated.ts — 5 posts, 1 projects, 9 gallery items, 65 AI news, 10 lab tools, 10 lab projects

> spacelab@0.0.0 build
> ng build

[33m❯[39m Building...
[32m✔[39m Building...
Application bundle generation failed. [3.637 seconds] - 2026-05-29T09:23:31.183Z

